Defaulting to user installation because normal site-packages is not writeable
Collecting fastapi==0.115.6 (from -r requirements.txt (line 1))
  Using cached fastapi-0.115.6-py3-none-any.whl.metadata (27 kB)
Collecting uvicorn==0.34.0 (from uvicorn[standard]==0.34.0->-r requirements.txt (line 2))
  Using cached uvicorn-0.34.0-py3-none-any.whl.metadata (6.5 kB)
Collecting pandas==2.2.3 (from -r requirements.txt (line 3))
  Using cached pandas-2.2.3-cp313-cp313-win_amd64.whl.metadata (19 kB)
Collecting numpy==2.2.1 (from -r requirements.txt (line 4))
  Using cached numpy-2.2.1-cp313-cp313-win_amd64.whl.metadata (60 kB)
Collecting scikit-learn==1.6.0 (from -r requirements.txt (line 5))
  Using cached scikit_learn-1.6.0-cp313-cp313-win_amd64.whl.metadata (15 kB)
Collecting pydantic==2.10.4 (from -r requirements.txt (line 6))
  Using cached pydantic-2.10.4-py3-none-any.whl.metadata (29 kB)
Collecting python-multipart==0.0.20 (from -r requirements.txt (line 7))
  Using cached python_multipart-0.0.20-py3-none-any.whl.metadata (1.8 kB)
Collecting starlette<0.42.0,>=0.40.0 (from fastapi==0.115.6->-r requirements.txt (line 1))
  Using cached starlette-0.41.3-py3-none-any.whl.metadata (6.0 kB)
Requirement already satisfied: typing-extensions>=4.8.0 in c:\users\hp\appdata\local\packages\pythonsoftwarefoundation.python.3.13_qbz5n2kfra8p0\localcache\local-packages\python313\site-packages (from fastapi==0.115.6->-r requirements.txt (line 1)) (4.15.0)
Requirement already satisfied: annotated-types>=0.6.0 in c:\users\hp\appdata\local\packages\pythonsoftwarefoundation.python.3.13_qbz5n2kfra8p0\localcache\local-packages\python313\site-packages (from pydantic==2.10.4->-r requirements.txt (line 6)) (0.7.0)
Collecting pydantic-core==2.27.2 (from pydantic==2.10.4->-r requirements.txt (line 6))
  Using cached pydantic_core-2.27.2-cp313-cp313-win_amd64.whl.metadata (6.7 kB)
Requirement already satisfied: click>=7.0 in c:\users\hp\appdata\local\packages\pythonsoftwarefoundation.python.3.13_qbz5n2kfra8p0\localcache\local-packages\python313\site-packages (from uvicorn==0.34.0->uvicorn[standard]==0.34.0->-r requirements.txt (line 2)) (8.3.1)
Requirement already satisfied: h11>=0.8 in c:\users\hp\appdata\local\packages\pythonsoftwarefoundation.python.3.13_qbz5n2kfra8p0\localcache\local-packages\python313\site-packages (from uvicorn==0.34.0->uvicorn[standard]==0.34.0->-r requirements.txt (line 2)) (0.16.0)
Requirement already satisfied: python-dateutil>=2.8.2 in c:\users\hp\appdata\local\packages\pythonsoftwarefoundation.python.3.13_qbz5n2kfra8p0\localcache\local-packages\python313\site-packages (from pandas==2.2.3->-r requirements.txt (line 3)) (2.9.0.post0)
Collecting pytz>=2020.1 (from pandas==2.2.3->-r requirements.txt (line 3))
  Using cached pytz-2026.2-py2.py3-none-any.whl.metadata (22 kB)
Requirement already satisfied: tzdata>=2022.7 in c:\users\hp\appdata\local\packages\pythonsoftwarefoundation.python.3.13_qbz5n2kfra8p0\localcache\local-packages\python313\site-packages (from pandas==2.2.3->-r requirements.txt (line 3)) (2026.2)
Requirement already satisfied: scipy>=1.6.0 in c:\users\hp\appdata\local\packages\pythonsoftwarefoundation.python.3.13_qbz5n2kfra8p0\localcache\local-packages\python313\site-packages (from scikit-learn==1.6.0->-r requirements.txt (line 5)) (1.17.1)
Requirement already satisfied: joblib>=1.2.0 in c:\users\hp\appdata\local\packages\pythonsoftwarefoundation.python.3.13_qbz5n2kfra8p0\localcache\local-packages\python313\site-packages (from scikit-learn==1.6.0->-r requirements.txt (line 5)) (1.5.3)
Requirement already satisfied: threadpoolctl>=3.1.0 in c:\users\hp\appdata\local\packages\pythonsoftwarefoundation.python.3.13_qbz5n2kfra8p0\localcache\local-packages\python313\site-packages (from scikit-learn==1.6.0->-r requirements.txt (line 5)) (3.6.0)
Requirement already satisfied: colorama>=0.4 in c:\users\hp\appdata\local\packages\pythonsoftwarefoundation.python.3.13_qbz5n2kfra8p0\localcache\local-packages\python313\site-packages (from uvicorn[standard]==0.34.0->-r requirements.txt (line 2)) (0.4.6)
Collecting httptools>=0.6.3 (from uvicorn[standard]==0.34.0->-r requirements.txt (line 2))
  Using cached httptools-0.8.0-cp313-cp313-win_amd64.whl.metadata (3.7 kB)
Collecting python-dotenv>=0.13 (from uvicorn[standard]==0.34.0->-r requirements.txt (line 2))
  Using cached python_dotenv-1.2.2-py3-none-any.whl.metadata (27 kB)
Collecting pyyaml>=5.1 (from uvicorn[standard]==0.34.0->-r requirements.txt (line 2))
  Using cached pyyaml-6.0.3-cp313-cp313-win_amd64.whl.metadata (2.4 kB)
Collecting watchfiles>=0.13 (from uvicorn[standard]==0.34.0->-r requirements.txt (line 2))
  Using cached watchfiles-1.2.0-cp313-cp313-win_amd64.whl.metadata (5.0 kB)
Collecting websockets>=10.4 (from uvicorn[standard]==0.34.0->-r requirements.txt (line 2))
  Using cached websockets-16.0-cp313-cp313-win_amd64.whl.metadata (7.0 kB)
Requirement already satisfied: anyio<5,>=3.4.0 in c:\users\hp\appdata\local\packages\pythonsoftwarefoundation.python.3.13_qbz5n2kfra8p0\localcache\local-packages\python313\site-packages (from starlette<0.42.0,>=0.40.0->fastapi==0.115.6->-r requirements.txt (line 1)) (4.12.0)
Requirement already satisfied: idna>=2.8 in c:\users\hp\appdata\local\packages\pythonsoftwarefoundation.python.3.13_qbz5n2kfra8p0\localcache\local-packages\python313\site-packages (from anyio<5,>=3.4.0->starlette<0.42.0,>=0.40.0->fastapi==0.115.6->-r requirements.txt (line 1)) (3.11)
Requirement already satisfied: six>=1.5 in c:\users\hp\appdata\local\packages\pythonsoftwarefoundation.python.3.13_qbz5n2kfra8p0\localcache\local-packages\python313\site-packages (from python-dateutil>=2.8.2->pandas==2.2.3->-r requirements.txt (line 3)) (1.17.0)
Using cached fastapi-0.115.6-py3-none-any.whl (94 kB)
Using cached pydantic-2.10.4-py3-none-any.whl (431 kB)
Using cached uvicorn-0.34.0-py3-none-any.whl (62 kB)
Using cached pandas-2.2.3-cp313-cp313-win_amd64.whl (11.5 MB)
Using cached numpy-2.2.1-cp313-cp313-win_amd64.whl (12.6 MB)
Using cached scikit_learn-1.6.0-cp313-cp313-win_amd64.whl (11.1 MB)
Using cached python_multipart-0.0.20-py3-none-any.whl (24 kB)
Using cached pydantic_core-2.27.2-cp313-cp313-win_amd64.whl (2.0 MB)
Using cached starlette-0.41.3-py3-none-any.whl (73 kB)
Using cached httptools-0.8.0-cp313-cp313-win_amd64.whl (90 kB)
Using cached python_dotenv-1.2.2-py3-none-any.whl (22 kB)
Using cached pytz-2026.2-py2.py3-none-any.whl (510 kB)
Using cached pyyaml-6.0.3-cp313-cp313-win_amd64.whl (154 kB)
Using cached watchfiles-1.2.0-cp313-cp313-win_amd64.whl (288 kB)
Using cached websockets-16.0-cp313-cp313-win_amd64.whl (178 kB)
Installing collected packages: pytz, websockets, pyyaml, python-multipart, python-dotenv, pydantic-core, numpy, httptools, watchfiles, uvicorn, starlette, pydantic, pandas, scikit-learn, fastapi
  WARNING: The script websockets.exe is installed in 'C:\Users\HP\AppData\Local\Packages\PythonSoftwareFoundation.Python.3.13_qbz5n2kfra8p0\LocalCache\local-packages\Python313\Scripts' which is not on PATH.
  Consider adding this directory to PATH or, if you prefer to suppress this warning, use --no-warn-script-location.
  WARNING: The script dotenv.exe is installed in 'C:\Users\HP\AppData\Local\Packages\PythonSoftwareFoundation.Python.3.13_qbz5n2kfra8p0\LocalCache\local-packages\Python313\Scripts' which is not on PATH.
  Consider adding this directory to PATH or, if you prefer to suppress this warning, use --no-warn-script-location.
  Attempting uninstall: pydantic-core
    Found existing installation: pydantic_core 2.41.5
    Uninstalling pydantic_core-2.41.5:
      Successfully uninstalled pydantic_core-2.41.5
  Attempting uninstall: numpy
    Found existing installation: numpy 2.4.5
    Uninstalling numpy-2.4.5:
      Successfully uninstalled numpy-2.4.5
  WARNING: The scripts f2py.exe and numpy-config.exe are installed in 'C:\Users\HP\AppData\Local\Packages\PythonSoftwareFoundation.Python.3.13_qbz5n2kfra8p0\LocalCache\local-packages\Python313\Scripts' which is not on PATH.
  Consider adding this directory to PATH or, if you prefer to suppress this warning, use --no-warn-script-location.
  WARNING: The script watchfiles.exe is installed in 'C:\Users\HP\AppData\Local\Packages\PythonSoftwareFoundation.Python.3.13_qbz5n2kfra8p0\LocalCache\local-packages\Python313\Scripts' which is not on PATH.
  Consider adding this directory to PATH or, if you prefer to suppress this warning, use --no-warn-script-location.
  Attempting uninstall: uvicorn
    Found existing installation: uvicorn 0.40.0
    Uninstalling uvicorn-0.40.0:
      Successfully uninstalled uvicorn-0.40.0
  WARNING: The script uvicorn.exe is installed in 'C:\Users\HP\AppData\Local\Packages\PythonSoftwareFoundation.Python.3.13_qbz5n2kfra8p0\LocalCache\local-packages\Python313\Scripts' which is not on PATH.
  Consider adding this directory to PATH or, if you prefer to suppress this warning, use --no-warn-script-location.
  Attempting uninstall: starlette
    Found existing installation: starlette 0.50.0
    Uninstalling starlette-0.50.0:
      Successfully uninstalled starlette-0.50.0
  Attempting uninstall: pydantic
    Found existing installation: pydantic 2.12.5
    Uninstalling pydantic-2.12.5:
      Successfully uninstalled pydantic-2.12.5
  Attempting uninstall: pandas
    Found existing installation: pandas 3.0.3
    Uninstalling pandas-3.0.3:
      Successfully uninstalled pandas-3.0.3
  Attempting uninstall: scikit-learn
    Found existing installation: scikit-learn 1.8.0
    Uninstalling scikit-learn-1.8.0:
      Successfully uninstalled scikit-learn-1.8.0
  Attempting uninstall: fastapi
    Found existing installation: fastapi 0.127.0
    Uninstalling fastapi-0.127.0:
      Successfully uninstalled fastapi-0.127.0
  WARNING: The script fastapi.exe is installed in 'C:\Users\HP\AppData\Local\Packages\PythonSoftwareFoundation.Python.3.13_qbz5n2kfra8p0\LocalCache\local-packages\Python313\Scripts' which is not on PATH.
  Consider adding this directory to PATH or, if you prefer to suppress this warning, use --no-warn-script-location.

Successfully installed fastapi-0.115.6 httptools-0.8.0 numpy-2.2.1 pandas-2.2.3 pydantic-2.10.4 pydantic-core-2.27.2 python-dotenv-1.2.2 python-multipart-0.0.20 pytz-2026.2 pyyaml-6.0.3 scikit-learn-1.6.0 starlette-0.41.3 uvicorn-0.34.0 watchfiles-1.2.0 websockets-16.0

[notice] A new release of pip is available: 25.3 -> 26.1.2
[notice] To update, run: C:\Users\HP\AppData\Local\Microsoft\WindowsApps\PythonSoftwareFoundation.Python.3.13_qbz5n2kfra8p0\python.exe -m pip install --upgrade pip
